
> minel-wholesale@0.1.0 build
> next build

Ôû▓ Next.js 16.1.6 (Turbopack)
- Environments: .env.local
- Experiments (use with caution):
  ┬À optimizePackageImports

  Creating an optimized production build ...
Ô£ô Compiled successfully in 10.9s
  Running TypeScript ...
node.exe : Failed to compile.
At line:1 char:1
+ & "C:\Program Files\nodejs/node.exe" "C:\Program Files\nodejs/node_mo ...
+ ~~~~~~~~~~~~~~~~~~~~~~~~~~~~~~~~~~~~~~~~~~~~~~~~~~~~~~~~~~~~~~~~~~~~~
    + CategoryInfo          : NotSpecified: (Failed to compile.:String) [], RemoteException
    + FullyQualifiedErrorId : NativeCommandError
 

./app/[lang]/admin/page.tsx:47:51
Type error: Parameter 'sum' implicitly has an 'any' type.

[0m [90m 45 |[39m
 [90m 46 |[39m             [36mconst[39m { data[33m:[39m salesData } [33m=[39m 
[36mawait[39m supabase[33m.[39m[36mfrom[39m([32m"orders"[39m)[33m.[39mselect([32m"t
otal_price"[39m)[33m;[39m
[31m[1m>[22m[39m[90m 47 |[39m             [36mconst[39m totalSales [33m=[39m 
salesData[33m?[39m[33m.[39mreduce((sum[33m,[39m order) [33m=>[39m sum [33m+[39m 
(order[33m.[39mtotal_price [33m||[39m [35m0[39m)[33m,[39m [35m0[39m) [33m||[39m 
[35m0[39m[33m;[39m
 [90m    |[39m                                                   [31m[1m^[22m[39m
 [90m 48 |[39m
 [90m 49 |[39m             setStats({
 [90m 50 |[39m                 totalOrders[33m:[39m orderCount [33m||[39m 
[35m0[39m[33m,[39m[0m
Next.js build worker exited with code: 1 and signal: null
